---
namespace: Compile
expectation: Pass
outputs:
  - - compile:
        - initial_symbol_table: c61001eb615254ac870ec9d0371f14625c9f8a37460dcd21200d89dc858a38b0
          type_checked_symbol_table: 3b673765d4870f7a85c78676fd417b30a14bc2c4f7197a499b6f2f278440d39a
          unrolled_symbol_table: 3b673765d4870f7a85c78676fd417b30a14bc2c4f7197a499b6f2f278440d39a
          initial_ast: b2e3cf635cb36d22634b4e8f288da6c7f835f846821e039f7996a4281ee65a9a
          unrolled_ast: b2e3cf635cb36d22634b4e8f288da6c7f835f846821e039f7996a4281ee65a9a
          ssa_ast: 47b4c9589be4ff508a76f6e5929fe6db1990aa8fefba81b7a5f1d4732a4e3de4
          flattened_ast: 5927ffac56458ba47729e62cf94c3c911754d99073f5dc914e0577a412d4a661
          destructured_ast: a32ff13a5316a7cfa5f0634b2465c6d0044257058d044ffb7a20baf33eddbbb5
          inlined_ast: a32ff13a5316a7cfa5f0634b2465c6d0044257058d044ffb7a20baf33eddbbb5
          dce_ast: e6325f31096f38081ba8a2a7fd5cf263a1672f55d32baeb959992baf6d244794
          bytecode: c865484cdaac4f81578a7a47f6a1772139a2f4b03d5a4602c7b62be71519846d
          errors: ""
          warnings: ""
