---
namespace: Compile
expectation: Pass
outputs:
  - - initial_symbol_table: d477286ad5c19fbddfee585913283bda741fe0e9e71939f0ab99e0ffa678e602
      type_checked_symbol_table: 2f881662f46d8e499553b4f868d14ff7c835d67476f7bb605e587342d651946d
      unrolled_symbol_table: 2f881662f46d8e499553b4f868d14ff7c835d67476f7bb605e587342d651946d
      initial_ast: 05361e716c050e23686a1a344197845333b767ab87dce894456e40312c5805da
      unrolled_ast: 05361e716c050e23686a1a344197845333b767ab87dce894456e40312c5805da
      ssa_ast: 374224cb2005b3beda46de8390280243735e323c0411fa30a4d2dd3eb99d522f
      flattened_ast: cbef5e2c57e4d5e115fc88540ae168faf7c06a178cf1c02aae1ee102b9cd9d16
      destructured_ast: 3e3f0c51d3260ff76a732c8e95b641259e029ac651a1c4d82fabc4a0680c7b8f
      inlined_ast: 3e3f0c51d3260ff76a732c8e95b641259e029ac651a1c4d82fabc4a0680c7b8f
      dce_ast: 3e3f0c51d3260ff76a732c8e95b641259e029ac651a1c4d82fabc4a0680c7b8f
      bytecode: 146646862a181a2d9c802993b30c04190405d0ec9cf00847c755162af14ab765
      warnings: ""
