---
namespace: Compile
expectation: Pass
outputs:
  - - compile:
        - initial_symbol_table: 947c60bfce423ea3357684479af65b9a58e90287f2172387b3a4f563d5fad158
          type_checked_symbol_table: eadc9939ccff929c6b26b1d8f84b24cef6197462a6f99b4cdc5097a3c35ff418
          unrolled_symbol_table: eadc9939ccff929c6b26b1d8f84b24cef6197462a6f99b4cdc5097a3c35ff418
          initial_ast: 1fe13f991a25eda6dd3e7d55e0db4ac82461a429cbf3e20db975b510ebdec5ab
          unrolled_ast: 1fe13f991a25eda6dd3e7d55e0db4ac82461a429cbf3e20db975b510ebdec5ab
          ssa_ast: 220e3619f982cc145525f4ca080d76ce695b2c887b18b92047b2e000cc3006a4
          flattened_ast: d9f72d47b48229654970008615814b5e637f6ae41da8aee3200ad638945bfc0f
          destructured_ast: fa609df9af27e30d93a890c9bf0f85cfb7f38e58a569930d7c8c4f6fdce98cb6
          inlined_ast: fa609df9af27e30d93a890c9bf0f85cfb7f38e58a569930d7c8c4f6fdce98cb6
          dce_ast: fa609df9af27e30d93a890c9bf0f85cfb7f38e58a569930d7c8c4f6fdce98cb6
          bytecode: eb8fb8c25730005f5c6c14d190313c0bee2ae389d6295686dd1867663fc93f67
          errors: ""
          warnings: ""
