---
namespace: Compile
expectation: Pass
outputs:
  - - initial_symbol_table: 4b4df68bbdb05520ed1d21919020bd500b290bd2e78ff860ed32d8edb6d07654
      type_checked_symbol_table: 047eaa34acfb7047e4526ece634fc935786d8ebe16fc45f23d9e852985e6822a
      unrolled_symbol_table: 047eaa34acfb7047e4526ece634fc935786d8ebe16fc45f23d9e852985e6822a
      initial_ast: 7ebb1242725004bee7d6c8f80b8ca602896018878e29f1506c54998ee10f03ab
      unrolled_ast: 7ebb1242725004bee7d6c8f80b8ca602896018878e29f1506c54998ee10f03ab
      ssa_ast: 3a7cef7868723732340cb22185c596b68826bb9e089c9f8db715f0736570a40f
      flattened_ast: ff8bd06aed49e23eda2afa29651cd3261f75c39d74c52d5ad6531c39bb4621b6
      destructured_ast: 1c930fd1297cac586246ddeca1c60418349fb03bd6e3818bf3162a9cda0e7e8b
      inlined_ast: 1c930fd1297cac586246ddeca1c60418349fb03bd6e3818bf3162a9cda0e7e8b
      dce_ast: 1cdab5e1ded3bb7439060f179360d85386ba9951550cac7f2fbd75a340eb83aa
      bytecode: 03845ec2f54d49f71640659603ead8f68ad067a15fda438e5e13524777d1559b
      warnings: ""
