---
namespace: Compile
expectation: Pass
outputs:
  - - initial_symbol_table: f2ab1240883675e1f0b625249d1ae9f121816b88bb0509a527218b649e4d92d5
      type_checked_symbol_table: c59b28ff86af89996869cbfe329459be4ddb73d4344fbe059f873df6e3c4b3de
      unrolled_symbol_table: c59b28ff86af89996869cbfe329459be4ddb73d4344fbe059f873df6e3c4b3de
      initial_ast: 88b999e5255ecb3b29943524d3b922c552b836c9e70cabaf4df6de52fc36a0db
      unrolled_ast: 88b999e5255ecb3b29943524d3b922c552b836c9e70cabaf4df6de52fc36a0db
      ssa_ast: 6dcd5aa64595ce15666f4b712a581b05d138747739994a87bc3fa85f6f84856b
      flattened_ast: 18a596202cf7d6a762e57bd9fbf2d022caa7ec9670f4cb572a5e1279497a7bfc
      destructured_ast: 4f8436f0ed35f7fe655b61685be40756b1e21f254aa01e3815dcdb4336efaace
      inlined_ast: 4f8436f0ed35f7fe655b61685be40756b1e21f254aa01e3815dcdb4336efaace
      dce_ast: bb0f81e0accb369e0bd5d4fa7771af7b8d3630d23e3b8be64ea1c96a10acebea
      bytecode: 2bf257739832acc917b4b4f18f149a72e6a8394336740568bd06cb6141704762
      warnings: ""
