---
namespace: Compile
expectation: Pass
outputs:
  - - initial_symbol_table: 905b3d4a62376958b09ceb58631d016942e4c3da74f055bcb18e4abeac891737
      type_checked_symbol_table: 1f4920457b0d061179cdc656a9a9b58f1451fb351298bfbea2052f98fc1c9f96
      unrolled_symbol_table: 1f4920457b0d061179cdc656a9a9b58f1451fb351298bfbea2052f98fc1c9f96
      initial_ast: b2be3297fd52c803b69e489b8892ead7a98b46bcca759579d4fe737a14a1ea9e
      unrolled_ast: b2be3297fd52c803b69e489b8892ead7a98b46bcca759579d4fe737a14a1ea9e
      ssa_ast: ebfb47488b2f5a4b72ad989b6d52fb597e35ee8df69271b2ec0a75ea083ac383
      flattened_ast: 93c58a664de35adee15d73ffb793d079e7c5cb5571e9e956571bca4a895ae65a
      destructured_ast: f669e5075a075ea525870a037f0b6b63b7e453af69f059dd35c3d6cbcc98f1e9
      inlined_ast: f669e5075a075ea525870a037f0b6b63b7e453af69f059dd35c3d6cbcc98f1e9
      dce_ast: db23040330773f51e359ef722058fc5e49cc5429423285b6758dc98342758f23
      bytecode: 6c433e307d008c270d0de4f6a677aa5069fcf55a7613d777379bbab14c24be61
      warnings: ""
