---
namespace: Compile
expectation: Pass
outputs:
  - - compile:
        - initial_symbol_table: 2098f8ebd0588d99620122d826cadd823f83b41bae8216e6caaab628e727c272
          type_checked_symbol_table: d5b873cabddbb1757332e28a7e3ad3fdccda4efc0dc5573eb45d57350a977a2d
          unrolled_symbol_table: d5b873cabddbb1757332e28a7e3ad3fdccda4efc0dc5573eb45d57350a977a2d
          initial_ast: eb2e4ad47d3af5576dccfd7f94de4bc51a6d91f8657c7db36d97c34a3e05d49e
          unrolled_ast: eb2e4ad47d3af5576dccfd7f94de4bc51a6d91f8657c7db36d97c34a3e05d49e
          ssa_ast: ef368c41a6ddca1148ab392fcd975393d8afa8c08d1f1a15272b95ddd6da97b5
          flattened_ast: a6e7923548e88b698c8fc65bd799d06ff38066635f1eb0d71712358448d4aab3
          destructured_ast: 0c8582609cbc4f8316aefa6775ef2d82feaf99aa3c5733a9162e8961cd229e3d
          inlined_ast: 0c8582609cbc4f8316aefa6775ef2d82feaf99aa3c5733a9162e8961cd229e3d
          dce_ast: afcf920a8fb1e616b7846c2e26823c0aaf77768202e752b8eff33c3e170368a0
          bytecode: e2c7366a24109eb7d575db5c998ee9833edf454546a359ea4508eeabfff11d19
          errors: ""
          warnings: ""
