---
namespace: Compile
expectation: Fail
outputs:
  - "Error [ETYC0372007]: Expected one type from `u64`, but got `boolean`\n    --> compiler-test:5:35\n     |\n   5 |         let t: (bool, bool) = (a, 1u64); // We should be declaring to a boolean, not a u64.\n     |                                   ^^^^\n"
