---
namespace: Compile
expectation: Pass
outputs:
  - - compile:
        - initial_symbol_table: b5b6b73355eccb9262d7061b453b702bd7a464fe31cd03b8df9dfab189a8d1d7
          type_checked_symbol_table: 3d81aa8aa0d30f7b260c44ff7a94a8d4818f76ba52818eeaf0e258f03ad233cd
          unrolled_symbol_table: 3d81aa8aa0d30f7b260c44ff7a94a8d4818f76ba52818eeaf0e258f03ad233cd
          initial_ast: aa76e299d04e5c6af0995092679183f4c4222ab590028fa9faa216df3c0a712a
          unrolled_ast: aa76e299d04e5c6af0995092679183f4c4222ab590028fa9faa216df3c0a712a
          ssa_ast: 03b391edaf3d73d64eaaba4f6762697815f6cf3de097ec78a629f35719fdcc48
          flattened_ast: 30e5628501895fcb0313c3e79d85d839626c8aa469e0c0a81f931b9f6cdba99b
          destructured_ast: 04760bd62af570a9124be354010d36ed2cfc1155719cb2c4f6768dca66fc07db
          inlined_ast: 97be4cfcfad2d4efdc11505eb42c1f78cd7fae63534376cc5dc7f4a96d5394fb
          dce_ast: 97be4cfcfad2d4efdc11505eb42c1f78cd7fae63534376cc5dc7f4a96d5394fb
          bytecode: 0d572a58b3609a5835754184c0d7b55b9bb11b101a11a1be25546a212a668e25
          errors: ""
          warnings: ""
