---
namespace: Compile
expectation: Pass
outputs:
  - - initial_symbol_table: 1c7298406948d6b9b9df1c5fb6f545ebea8da29d289a1dfce911b332e23fe687
      type_checked_symbol_table: 7027948bd58d1a6ab96c0b3aff3c35145cbe0ba53b2b086562efeea119a9c68d
      unrolled_symbol_table: 7027948bd58d1a6ab96c0b3aff3c35145cbe0ba53b2b086562efeea119a9c68d
      initial_ast: 10650ea9835265f168c13b09658eadd2b33b4eca35826b56bdca6be930c5ef53
      unrolled_ast: 10650ea9835265f168c13b09658eadd2b33b4eca35826b56bdca6be930c5ef53
      ssa_ast: b103df8661413a11492f1bf0d7e0e322e652f38055875bdb51026bda792ec8b3
      flattened_ast: 7510319c7429d2397d871c23319c8fef5e3fde8072e4fc72cc6bacb7f993537a
      destructured_ast: 965ad6941786c46e8fcd8e9ffdfb330f4c824eaffbf90940f67c9480cbccf6b4
      inlined_ast: 965ad6941786c46e8fcd8e9ffdfb330f4c824eaffbf90940f67c9480cbccf6b4
      dce_ast: 965ad6941786c46e8fcd8e9ffdfb330f4c824eaffbf90940f67c9480cbccf6b4
      bytecode: bde2653fac0393940c5400272e53492228206e50abb36ce080b95043003ee976
      warnings: ""
