---
namespace: Compile
expectation: Pass
outputs:
  - - compile:
        - initial_symbol_table: d061675c1ae757b577112bb732e05a3d580cce4c0b1f3851d70fc70abc487015
          type_checked_symbol_table: dd6a6f655b9f7836e8ebba12dca1e10573b253720019c7bf67cdcbde86ee4234
          unrolled_symbol_table: dd6a6f655b9f7836e8ebba12dca1e10573b253720019c7bf67cdcbde86ee4234
          initial_ast: f27c005d9f908b964ff6337ca50f7af35d1b6a423fa016f32c09f646f6a6b35f
          unrolled_ast: f27c005d9f908b964ff6337ca50f7af35d1b6a423fa016f32c09f646f6a6b35f
          ssa_ast: 73816250f1c7863e54a69b096ee3c907294c5f5d2bd2700917dd61cfbd922276
          flattened_ast: a666879a9ed4b59a0314e3f12ac0667fd412046658db3455b6c30f5a99d40c9b
          destructured_ast: 01b8069eb53e55383d20a79a33fa0e18f46363b18c48f0fb1619d857f338813c
          inlined_ast: 01b8069eb53e55383d20a79a33fa0e18f46363b18c48f0fb1619d857f338813c
          dce_ast: e893dd67cd98427be2dfce466af98724faa798c760acbdfedcb92e7f02a01fa7
          bytecode: 15b3b2f15f177b34eb81e2436cf4080578e2980fc07eec7472060469a1789b5d
          errors: ""
          warnings: ""
