---
namespace: Compile
expectation: Pass
outputs:
  - - initial_symbol_table: d9563a383c10a7609666299f2a7eae00f7fd73c40dd5adf6c0958230e492c56e
      type_checked_symbol_table: a6e0ec112ce2da6abe56b0edd0f85b5aa74b73c35dd17c7b7a2501df640dcbe2
      unrolled_symbol_table: a6e0ec112ce2da6abe56b0edd0f85b5aa74b73c35dd17c7b7a2501df640dcbe2
      initial_ast: 9567c721aed1294b5503660bdbd4087ea83fdad9d2fb1d87ab05e388b62ed77d
      unrolled_ast: 9567c721aed1294b5503660bdbd4087ea83fdad9d2fb1d87ab05e388b62ed77d
      ssa_ast: 2f5524b567a7744ded944d5eae6fe75c9657b30f718ff536d9507be2788d7745
      flattened_ast: 6cf0f3b49fd35d4a22a97c50e76503737e55bf51e9967f6ce501fef6821396e9
      destructured_ast: e59e2341df023cc5d687eac690c83f2e0088e1334946a7d6f18c8b84f931bb46
      inlined_ast: e59e2341df023cc5d687eac690c83f2e0088e1334946a7d6f18c8b84f931bb46
      dce_ast: 61f2027cea11fb72a200f7adbaa76be615889d6c780c198718ab11ba98277fa5
      bytecode: ff30f43337c830695fd7271014aee19d33c0489de50d3d66db69b3d73da357ce
      warnings: ""
