---
namespace: Compile
expectation: Pass
outputs:
  - - compile:
        - initial_symbol_table: 0938a4a5bb7fe8997d55f6cfa90699524e2534f21ffb39969c67514668906aa4
          type_checked_symbol_table: 2835e5dc80b15fd473e8698c751c82f4207b0601fd373151897540c0d27398e4
          unrolled_symbol_table: 2835e5dc80b15fd473e8698c751c82f4207b0601fd373151897540c0d27398e4
          initial_ast: 343352d5f973406fd2aee944c20f7b009dbc0a6a00a850df8416e812d6bdcdbf
          unrolled_ast: 343352d5f973406fd2aee944c20f7b009dbc0a6a00a850df8416e812d6bdcdbf
          ssa_ast: fdedad0269934a7447cfcaa1398ba0f02c24e79c24428344986ffcdc883ab08e
          flattened_ast: e6c3e6e0abbd12fc717f588d5ce53055d6d9ce600fbdc25ec677d7ac687f97db
          destructured_ast: a6f6a765d2a80458f3c9ab44a1e6948eb4e2890eae1c51c03e6d32f54a5b2f56
          inlined_ast: a6f6a765d2a80458f3c9ab44a1e6948eb4e2890eae1c51c03e6d32f54a5b2f56
          dce_ast: a6f6a765d2a80458f3c9ab44a1e6948eb4e2890eae1c51c03e6d32f54a5b2f56
          bytecode: 9c274bbe580ab8d20c474474f15f2ed4f0913a91d3e9938197cbe29b6f1e273e
          errors: ""
          warnings: ""
