---
namespace: Compile
expectation: Pass
outputs:
  - - initial_symbol_table: 1264e1036044d83942fa4f0b6e7db8358ecb5761869a9a7587c35f89773ddc31
      type_checked_symbol_table: 6c60c493056d3599099a39dd3429cf22330af1701b81b8fdc2dd2a2b063792b5
      unrolled_symbol_table: 670fc294bdf0d14939a764ca340eeb8f8951324308f93fe13a6f92c15915af59
      initial_ast: d4a5ec27f4532c5c2fa1e218a59688a2c5d2e81de104aa0ffe509a5e7fff049a
      unrolled_ast: 0953cd05d51be2a30f78c79066b894d2079bd68bf0e6e901cf345beb8e86d8b1
      ssa_ast: 501df3991960894f2ae10a50099e4481e3943eb2084a729d217f0697259412da
      flattened_ast: c85a57b92944e368dc69a6a8a9ea408c3751c5ef6d3c9be4fa7a44b7c2555889
      destructured_ast: 4c331bb604678ace382c509b189a99b93d66e6e25d1a663b3b8418d68c00ba7b
      inlined_ast: 4c331bb604678ace382c509b189a99b93d66e6e25d1a663b3b8418d68c00ba7b
      dce_ast: 4c331bb604678ace382c509b189a99b93d66e6e25d1a663b3b8418d68c00ba7b
      bytecode: 1425e7c87a38072c342ef9505090c0b039663ac1c5ce41632f999b376c81d348
      warnings: ""
