---
namespace: Compile
expectation: Pass
outputs:
  - - initial_symbol_table: e8c70cc76372dfdfde33fc8765a4983c70445f1d7c764e84df0a4cecc6667d90
      type_checked_symbol_table: e2b59b9f9bebd24dbe40fda571999dee174552b9544e67b81a26a0bee9d841e5
      unrolled_symbol_table: e2b59b9f9bebd24dbe40fda571999dee174552b9544e67b81a26a0bee9d841e5
      initial_ast: 503ec3d80bf0ecc98557d4bc20601c043281bf47d415fa5369a5685e9c1bc5fb
      unrolled_ast: 503ec3d80bf0ecc98557d4bc20601c043281bf47d415fa5369a5685e9c1bc5fb
      ssa_ast: 3aacd179b55306416b96c2b237527a4f9888713154c0601e57bc0df4067f4706
      flattened_ast: fdbb7d88fc7e8c1dadfb5766526463c5d6de348028b7d0a634402ee836c96954
      destructured_ast: 34df532019837fddcd91c5bbc3b4801e3adea6c000a458291cb2f9fae5f45fb0
      inlined_ast: 34df532019837fddcd91c5bbc3b4801e3adea6c000a458291cb2f9fae5f45fb0
      dce_ast: 34df532019837fddcd91c5bbc3b4801e3adea6c000a458291cb2f9fae5f45fb0
      bytecode: 65f57028681592ca0f5c4fed50abb89f4aa53139b2371bc00c3e701d5b8e896f
      warnings: ""
