---
namespace: Compile
expectation: Pass
outputs:
  - - compile:
        - initial_symbol_table: de475748bc1840ad7993d80ef7da1a12d8a2050ef9bd614c32678b9ea3f123de
          type_checked_symbol_table: beccbc5e80c6de3eca97a3a6d16b74fe3737f2b8905e07c3e676f8466f9be311
          unrolled_symbol_table: beccbc5e80c6de3eca97a3a6d16b74fe3737f2b8905e07c3e676f8466f9be311
          initial_ast: cdab5f957b943230f54c926bbbf8ea8d844563979abea269f48f490dd718540d
          unrolled_ast: cdab5f957b943230f54c926bbbf8ea8d844563979abea269f48f490dd718540d
          ssa_ast: 99548f7cac3a31cf5cd30e07c4c79556dcea3403571197b151ce8e5d412d6fd1
          flattened_ast: 136de440f9dde2538647a3cbe012f0ed7e38ace82cc3a33465032a012d3673d5
          destructured_ast: fe0b469416ab39e44b376c96cf7c7c4eea3abbe0fb27fb1ae9bda3fba61a0e4f
          inlined_ast: fe0b469416ab39e44b376c96cf7c7c4eea3abbe0fb27fb1ae9bda3fba61a0e4f
          dce_ast: fe0b469416ab39e44b376c96cf7c7c4eea3abbe0fb27fb1ae9bda3fba61a0e4f
          bytecode: eb74a56b4c761a3050ee4ca8c5ac6f4085675f0ba71514b9c10cc49044251472
          errors: ""
          warnings: ""
