---
namespace: Compile
expectation: Pass
outputs:
  - - initial_symbol_table: f8d72facb5676a182e9459943c4a8a95942d1f74f6daa5dedd866381b937b614
      type_checked_symbol_table: 92ce5ba48b1ae6b6ab77e5aa75f2ba32fcaab4939bc87894ad72ae506017c469
      unrolled_symbol_table: 92ce5ba48b1ae6b6ab77e5aa75f2ba32fcaab4939bc87894ad72ae506017c469
      initial_ast: f8723d099448783b4a423ed7e24d2592db202e785ba306afc0a09853eee051cc
      unrolled_ast: f8723d099448783b4a423ed7e24d2592db202e785ba306afc0a09853eee051cc
      ssa_ast: de7e83447abaf3cc39785bd8514f9770c0fc6117414c99870ad1bd2ab08040f8
      flattened_ast: 20308f0db9b334dd939fde68c48c11753c3d3b7058af1bffb1eb8e6ec2f2ead6
      destructured_ast: 3e24e345781d1b2898047d8d0e4e348808d9ccdb19592fdb11dcb99c0df1e867
      inlined_ast: 3e24e345781d1b2898047d8d0e4e348808d9ccdb19592fdb11dcb99c0df1e867
      dce_ast: 8dc9187c1863e0f7ab8e0236f192830af310d0ed8aa03d5e39ef8a3b13a2997c
      bytecode: 651a250bda995df00cf3b4659d1ea35912ed94da32b5d487677dead9126b5d69
      warnings: ""
