---
namespace: Compile
expectation: Pass
outputs:
  - - initial_symbol_table: ed2d53789a492f2881118c7afcc918b7f3a22417fc4852b6fea30ad529f0c9da
      type_checked_symbol_table: 4a098ec2c42d26fe60f0c1dd9b9036c829bd83681f6afa24582c9193c5e1a2ad
      unrolled_symbol_table: 4a098ec2c42d26fe60f0c1dd9b9036c829bd83681f6afa24582c9193c5e1a2ad
      initial_ast: 014539d9b2373bb14b73fab4d301ccea021f102a9477816696ae526767c59ed1
      unrolled_ast: 014539d9b2373bb14b73fab4d301ccea021f102a9477816696ae526767c59ed1
      ssa_ast: d0c19c5d9fc9db489260661ee3066e74c1257b433fd6e3f170f36bd97e058d60
      flattened_ast: cea073541998cab98d4c3c1018cbefb8fbef974fe60bd27bffbf7adaa5bf858a
      destructured_ast: 08a451e0bb2bd53dc283639d6ce3385f36be601e167fd1051164bdebb849d368
      inlined_ast: 08a451e0bb2bd53dc283639d6ce3385f36be601e167fd1051164bdebb849d368
      dce_ast: 08a451e0bb2bd53dc283639d6ce3385f36be601e167fd1051164bdebb849d368
      bytecode: 009e138c1ef58588c8c34fdd4b56c5cd984a2f4664d71a3ce1f5811350d5cc1f
      warnings: ""
