---
namespace: Compile
expectation: Pass
outputs:
  - - initial_symbol_table: f8d72facb5676a182e9459943c4a8a95942d1f74f6daa5dedd866381b937b614
      type_checked_symbol_table: 9ba96e4a4956fc48b7bcce64cf9310a8b5c74c1c6df9469f20f52f2e0252b89a
      unrolled_symbol_table: 9ba96e4a4956fc48b7bcce64cf9310a8b5c74c1c6df9469f20f52f2e0252b89a
      initial_ast: d9fb32f865aceeb65b0f9ea636d858e9307145ac236f09161af9bd39d066c47a
      unrolled_ast: d9fb32f865aceeb65b0f9ea636d858e9307145ac236f09161af9bd39d066c47a
      ssa_ast: fd463e6ca3e9cf358ac61a1aa4039734caa8a90c148ea7ae978d68636e24363f
      flattened_ast: f1b6733e1f00e065a9742cb986ee81c878185ab49bee9d4054e265b4ed96e192
      destructured_ast: 4ad063f1901c958a0467412ba382179caf82bc51f8650b08a336f325c5e90ae8
      inlined_ast: 4ad063f1901c958a0467412ba382179caf82bc51f8650b08a336f325c5e90ae8
      dce_ast: 4ad063f1901c958a0467412ba382179caf82bc51f8650b08a336f325c5e90ae8
      bytecode: 0d7b74771220febbbf1600fe72c373d3398998c0d1200c1fd592d3b3da56b928
      warnings: ""
