---
namespace: Compile
expectation: Pass
outputs:
  - - compile:
        - initial_symbol_table: 7644adcaa9a768d53b33c87629ddd9f2c7206ba9e65a3fe75915f83785f754c5
          type_checked_symbol_table: 6cf4baa3116c5ca48fce0c1332a4a0f1499846b668b73a7224b0b1e9de43f944
          unrolled_symbol_table: 6cf4baa3116c5ca48fce0c1332a4a0f1499846b668b73a7224b0b1e9de43f944
          initial_ast: b8599ad17b718c72e692dbe2a5643e95c190727d01f6c53904f1aa50eabb6ab8
          unrolled_ast: b8599ad17b718c72e692dbe2a5643e95c190727d01f6c53904f1aa50eabb6ab8
          ssa_ast: 80af101b289e0fc0f716e5df9732108494c295101b9db6ac2421577ae2ba54eb
          flattened_ast: d5f1b42ba6bc60950729de547f8180d4b342a21047a84f9376244143c3181ad1
          destructured_ast: c74b3a71b23cd58f6968ed8aac06c909d24d01f331b9b45a294dc98258577583
          inlined_ast: c74b3a71b23cd58f6968ed8aac06c909d24d01f331b9b45a294dc98258577583
          dce_ast: 805276ce9fa1cb971374e832e8df085f9ac22e378d29a94266c1586e2203f743
          bytecode: 651a250bda995df00cf3b4659d1ea35912ed94da32b5d487677dead9126b5d69
          errors: ""
          warnings: ""
