---
namespace: Compile
expectation: Pass
outputs:
  - - initial_symbol_table: 8520ab4e5510b0993f188dc59da195077abc7dcbd4cc4dd13a1196604ffe6d4d
      type_checked_symbol_table: 9815da70f9ca7dea20716f300f8bde7ec9da3155b402f86e7e39992683a3681a
      unrolled_symbol_table: 9815da70f9ca7dea20716f300f8bde7ec9da3155b402f86e7e39992683a3681a
      initial_ast: 8386f2bee2383f3364dda39dfe008ef5bc97211c479cc717811509cad4d1a3c9
      unrolled_ast: 8386f2bee2383f3364dda39dfe008ef5bc97211c479cc717811509cad4d1a3c9
      ssa_ast: 9adaa9e39c6d5660c0726d7a1beb8e7b67921ea32a7087aa1b326aa2b8d4504b
      flattened_ast: 13b3f14c33df1560e4b72a0c32561e7654b051b76077cd3de5ec506d6bb2ec88
      destructured_ast: f09668e8fc17bc310bb4d767f16833361ac17ce8119c2ccae053e756a9233460
      inlined_ast: f09668e8fc17bc310bb4d767f16833361ac17ce8119c2ccae053e756a9233460
      dce_ast: f09668e8fc17bc310bb4d767f16833361ac17ce8119c2ccae053e756a9233460
      bytecode: bbef5ec539b8616fe91e41c03c8ea6a71dfd3cb9731e634919bc8356e6664594
      warnings: ""
