---
namespace: Compile
expectation: Pass
outputs:
  - - compile:
        - initial_symbol_table: 4f1b711ac4ce320723caab53c19d79ca9d58c7f2713aa7a0ba7a88fcb3722380
          type_checked_symbol_table: 94798bfa98c80ee322eb7ee8ef795ee8326b556310da986d1af3aca6b421793d
          unrolled_symbol_table: 94798bfa98c80ee322eb7ee8ef795ee8326b556310da986d1af3aca6b421793d
          initial_ast: ea4e84027d4bc8e177a9d9127f3247a1fc76d9c02db0c79b68a6cd7f0dc13d2e
          unrolled_ast: ea4e84027d4bc8e177a9d9127f3247a1fc76d9c02db0c79b68a6cd7f0dc13d2e
          ssa_ast: 29b99b21152dacf798b7e4f08881af565527eb68629047826ec8e1b3e34cad82
          flattened_ast: b44f02ad16ada39ba4d2aa0b4da4d6d23d989b2bd75e990d0ab17db33b34bcd9
          destructured_ast: bc34b866971b2cef2386d7c122e69168a2eb454dd1a6d1c09b56d053134348f0
          inlined_ast: bc34b866971b2cef2386d7c122e69168a2eb454dd1a6d1c09b56d053134348f0
          dce_ast: 42466078e0794ef99fda14d174ed83cb697bbf6193aa73e4648a0a64d425fc25
          bytecode: 8c33439a30c50519ebd6ea519da98bac7452bc3d91e2062e069b36b716d8d711
          errors: ""
          warnings: ""
