---
namespace: Compile
expectation: Pass
outputs:
  - - initial_symbol_table: cfc19fc91e96ffb3ab34d82ba4eb8ae8a30087d01944429f953f9e44193df0cf
      type_checked_symbol_table: 2f11672e5d10440b254fee98baa9622ace7dc8d601f931baf647e86fa3b722d3
      unrolled_symbol_table: 2f11672e5d10440b254fee98baa9622ace7dc8d601f931baf647e86fa3b722d3
      initial_ast: c78a4f0c312fcc842248505d74e74995630beb35438e4c812773dad3737c8db2
      unrolled_ast: c78a4f0c312fcc842248505d74e74995630beb35438e4c812773dad3737c8db2
      ssa_ast: 32e869023b5852b8ed4b7ec6b4f1e77f8e9cb0af13f8bd55f17559eb28c956ec
      flattened_ast: cc00c723fd16da55e44c84a19b8ccf05ba07b9f75b9c515e897d2d237d843719
      destructured_ast: e93a6366f3cf2642e452ded081299ce5972fa9a32f4e2574b32efaa608779366
      inlined_ast: e93a6366f3cf2642e452ded081299ce5972fa9a32f4e2574b32efaa608779366
      dce_ast: 4ba5f4ae85367ed7b2ae7013a7d7365d1a4211ec3bc88484e90b653a4294971a
      bytecode: 9a042a6076c83bb376f10443261e56704956030b03df62da5d5f4742ac10c74d
      warnings: ""
